/usr/bin/python3.6: can't open file '/home/an/바탕화면/realseller/crawl_review': [Errno 2] No such file or directory
Traceback (most recent call last):
  File "/home/an/바탕화면/realseller/crawl_review_copy.py", line 1, in <module>
    import pandas as pd
ModuleNotFoundError: No module named 'pandas'
/bin/sh: 1: /usr/bin/python: not found
=======================================================================
Traceback (most recent call last):
  File "/home/an/바탕화면/realseller/crawl_review_copy.py", line 1, in <module>
    import pandas as pd
ModuleNotFoundError: No module named 'pandas'
#########################################################################

실행했다고
0
1
0
1
0
1
